// Jest Snapshot v1, https://goo.gl/fbAQLP

exports[`Footer renders correctly 1`] = `
<div>
  <footer
    class="rs-footer"
  >
    <div
      class="rs-navbar rs-navbar-default"
      role="navigation"
    >
      <div
        class="rs-navbar-body"
        style="text-align: center; height: 30px; font-size: 15px;"
      >
        <div
          data-testid="FOOTER_COPYRIGHT_TEXT"
        >
          Â© Copyright 
          2023
          , SasanLabs
        </div>
      </div>
    </div>
  </footer>
</div>
`;
